[0.063s] DEBUG:colcon:Command line arguments: ['/usr/bin/colcon', 'build']
[0.063s] DEBUG:colcon:Parsed command line arguments: Namespace(log_base=None, log_level=None, verb_name='build', build_base='build', install_base='install', merge_install=False, symlink_install=False, test_result_base=None, continue_on_error=False, executor='parallel', parallel_workers=20, event_handlers=None, ignore_user_meta=False, metas=['./colcon.meta'], base_paths=['.'], packages_ignore=None, packages_ignore_regex=None, paths=None, packages_up_to=None, packages_up_to_regex=None, packages_above=None, packages_above_and_dependencies=None, packages_above_depth=None, packages_select_by_dep=None, packages_skip_by_dep=None, packages_skip_up_to=None, packages_select_build_failed=False, packages_skip_build_finished=False, packages_select_test_failures=False, packages_skip_test_passed=False, packages_select=None, packages_skip=None, packages_select_regex=None, packages_skip_regex=None, packages_start=None, packages_end=None, allow_overriding=[], cmake_args=None, cmake_target=None, cmake_target_skip_unavailable=False, cmake_clean_cache=False, cmake_clean_first=False, cmake_force_configure=False, ament_cmake_args=None, catkin_cmake_args=None, catkin_skip_building_tests=False, verb_parser=<colcon_defaults.argument_parser.defaults.DefaultArgumentsDecorator object at 0x7c991c736470>, verb_extension=<colcon_core.verb.build.BuildVerb object at 0x7c991c736020>, main=<bound method BuildVerb.main of <colcon_core.verb.build.BuildVerb object at 0x7c991c736020>>)
[0.189s] Level 1:colcon.colcon_core.package_discovery:discover_packages(colcon_meta) check parameters
[0.189s] Level 1:colcon.colcon_core.package_discovery:discover_packages(recursive) check parameters
[0.189s] Level 1:colcon.colcon_core.package_discovery:discover_packages(ignore) check parameters
[0.189s] Level 1:colcon.colcon_core.package_discovery:discover_packages(path) check parameters
[0.189s] Level 1:colcon.colcon_core.package_discovery:discover_packages(colcon_meta) discover
[0.189s] Level 1:colcon.colcon_core.package_discovery:discover_packages(recursive) discover
[0.189s] INFO:colcon.colcon_core.package_discovery:Crawling recursively for packages in '/home/itoon/Documents/GitHub/Fun4_RoboticDev'
[0.189s] Level 1:colcon.colcon_core.package_identification:_identify(.) by extensions ['ignore', 'ignore_ament_install']
[0.189s] Level 1:colcon.colcon_core.package_identification:_identify(.) by extension 'ignore'
[0.189s] Level 1:colcon.colcon_core.package_identification:_identify(.) by extension 'ignore_ament_install'
[0.189s] Level 1:colcon.colcon_core.package_identification:_identify(.) by extensions ['colcon_pkg']
[0.189s] Level 1:colcon.colcon_core.package_identification:_identify(.) by extension 'colcon_pkg'
[0.189s] Level 1:colcon.colcon_core.package_identification:_identify(.) by extensions ['colcon_meta']
[0.189s] Level 1:colcon.colcon_core.package_identification:_identify(.) by extension 'colcon_meta'
[0.189s] Level 1:colcon.colcon_core.package_identification:_identify(.) by extensions ['ros']
[0.189s] Level 1:colcon.colcon_core.package_identification:_identify(.) by extension 'ros'
[0.196s] Level 1:colcon.colcon_core.package_identification:_identify(.) by extensions ['cmake', 'python']
[0.196s] Level 1:colcon.colcon_core.package_identification:_identify(.) by extension 'cmake'
[0.196s] Level 1:colcon.colcon_core.package_identification:_identify(.) by extension 'python'
[0.196s] Level 1:colcon.colcon_core.package_identification:_identify(.) by extensions ['python_setup_py']
[0.196s] Level 1:colcon.colcon_core.package_identification:_identify(.) by extension 'python_setup_py'
[0.196s] Level 1:colcon.colcon_core.package_identification:_identify(build) by extensions ['ignore', 'ignore_ament_install']
[0.196s] Level 1:colcon.colcon_core.package_identification:_identify(build) by extension 'ignore'
[0.196s] Level 1:colcon.colcon_core.package_identification:_identify(build) ignored
[0.196s] Level 1:colcon.colcon_core.package_identification:_identify(install) by extensions ['ignore', 'ignore_ament_install']
[0.196s] Level 1:colcon.colcon_core.package_identification:_identify(install) by extension 'ignore'
[0.196s] Level 1:colcon.colcon_core.package_identification:_identify(install) ignored
[0.196s] Level 1:colcon.colcon_core.package_identification:_identify(log) by extensions ['ignore', 'ignore_ament_install']
[0.196s] Level 1:colcon.colcon_core.package_identification:_identify(log) by extension 'ignore'
[0.196s] Level 1:colcon.colcon_core.package_identification:_identify(log) ignored
[0.196s] Level 1:colcon.colcon_core.package_identification:_identify(src) by extensions ['ignore', 'ignore_ament_install']
[0.196s] Level 1:colcon.colcon_core.package_identification:_identify(src) by extension 'ignore'
[0.196s] Level 1:colcon.colcon_core.package_identification:_identify(src) by extension 'ignore_ament_install'
[0.196s] Level 1:colcon.colcon_core.package_identification:_identify(src) by extensions ['colcon_pkg']
[0.196s] Level 1:colcon.colcon_core.package_identification:_identify(src) by extension 'colcon_pkg'
[0.197s] Level 1:colcon.colcon_core.package_identification:_identify(src) by extensions ['colcon_meta']
[0.197s] Level 1:colcon.colcon_core.package_identification:_identify(src) by extension 'colcon_meta'
[0.197s] Level 1:colcon.colcon_core.package_identification:_identify(src) by extensions ['ros']
[0.197s] Level 1:colcon.colcon_core.package_identification:_identify(src) by extension 'ros'
[0.197s] Level 1:colcon.colcon_core.package_identification:_identify(src) by extensions ['cmake', 'python']
[0.197s] Level 1:colcon.colcon_core.package_identification:_identify(src) by extension 'cmake'
[0.197s] Level 1:colcon.colcon_core.package_identification:_identify(src) by extension 'python'
[0.197s] Level 1:colcon.colcon_core.package_identification:_identify(src) by extensions ['python_setup_py']
[0.197s] Level 1:colcon.colcon_core.package_identification:_identify(src) by extension 'python_setup_py'
[0.197s] Level 1:colcon.colcon_core.package_identification:_identify(src/RoboticsDev2024) by extensions ['ignore', 'ignore_ament_install']
[0.197s] Level 1:colcon.colcon_core.package_identification:_identify(src/RoboticsDev2024) by extension 'ignore'
[0.197s] Level 1:colcon.colcon_core.package_identification:_identify(src/RoboticsDev2024) by extension 'ignore_ament_install'
[0.197s] Level 1:colcon.colcon_core.package_identification:_identify(src/RoboticsDev2024) by extensions ['colcon_pkg']
[0.197s] Level 1:colcon.colcon_core.package_identification:_identify(src/RoboticsDev2024) by extension 'colcon_pkg'
[0.197s] Level 1:colcon.colcon_core.package_identification:_identify(src/RoboticsDev2024) by extensions ['colcon_meta']
[0.197s] Level 1:colcon.colcon_core.package_identification:_identify(src/RoboticsDev2024) by extension 'colcon_meta'
[0.197s] Level 1:colcon.colcon_core.package_identification:_identify(src/RoboticsDev2024) by extensions ['ros']
[0.197s] Level 1:colcon.colcon_core.package_identification:_identify(src/RoboticsDev2024) by extension 'ros'
[0.199s] DEBUG:colcon.colcon_core.package_identification:Package 'src/RoboticsDev2024' with type 'ros.ament_cmake' and name 'fun4_pkg'
[0.199s] Level 1:colcon.colcon_core.package_identification:_identify(src/example_description) by extensions ['ignore', 'ignore_ament_install']
[0.199s] Level 1:colcon.colcon_core.package_identification:_identify(src/example_description) by extension 'ignore'
[0.199s] Level 1:colcon.colcon_core.package_identification:_identify(src/example_description) by extension 'ignore_ament_install'
[0.199s] Level 1:colcon.colcon_core.package_identification:_identify(src/example_description) by extensions ['colcon_pkg']
[0.199s] Level 1:colcon.colcon_core.package_identification:_identify(src/example_description) by extension 'colcon_pkg'
[0.199s] Level 1:colcon.colcon_core.package_identification:_identify(src/example_description) by extensions ['colcon_meta']
[0.199s] Level 1:colcon.colcon_core.package_identification:_identify(src/example_description) by extension 'colcon_meta'
[0.199s] Level 1:colcon.colcon_core.package_identification:_identify(src/example_description) by extensions ['ros']
[0.199s] Level 1:colcon.colcon_core.package_identification:_identify(src/example_description) by extension 'ros'
[0.200s] DEBUG:colcon.colcon_core.package_identification:Package 'src/example_description' with type 'ros.ament_cmake' and name 'example_description'
[0.200s] Level 1:colcon.colcon_core.package_identification:_identify(src/fun4_interfaces) by extensions ['ignore', 'ignore_ament_install']
[0.200s] Level 1:colcon.colcon_core.package_identification:_identify(src/fun4_interfaces) by extension 'ignore'
[0.200s] Level 1:colcon.colcon_core.package_identification:_identify(src/fun4_interfaces) by extension 'ignore_ament_install'
[0.200s] Level 1:colcon.colcon_core.package_identification:_identify(src/fun4_interfaces) by extensions ['colcon_pkg']
[0.200s] Level 1:colcon.colcon_core.package_identification:_identify(src/fun4_interfaces) by extension 'colcon_pkg'
[0.200s] Level 1:colcon.colcon_core.package_identification:_identify(src/fun4_interfaces) by extensions ['colcon_meta']
[0.200s] Level 1:colcon.colcon_core.package_identification:_identify(src/fun4_interfaces) by extension 'colcon_meta'
[0.200s] Level 1:colcon.colcon_core.package_identification:_identify(src/fun4_interfaces) by extensions ['ros']
[0.200s] Level 1:colcon.colcon_core.package_identification:_identify(src/fun4_interfaces) by extension 'ros'
[0.200s] DEBUG:colcon.colcon_core.package_identification:Package 'src/fun4_interfaces' with type 'ros.ament_cmake' and name 'fun4_interfaces'
[0.200s] Level 1:colcon.colcon_core.package_discovery:discover_packages(recursive) using defaults
[0.200s] Level 1:colcon.colcon_core.package_discovery:discover_packages(ignore) discover
[0.200s] Level 1:colcon.colcon_core.package_discovery:discover_packages(ignore) using defaults
[0.200s] Level 1:colcon.colcon_core.package_discovery:discover_packages(path) discover
[0.200s] Level 1:colcon.colcon_core.package_discovery:discover_packages(path) using defaults
[0.223s] Level 1:colcon.colcon_core.package_discovery:discover_packages(prefix_path) check parameters
[0.223s] Level 1:colcon.colcon_core.package_discovery:discover_packages(prefix_path) discover
[0.226s] DEBUG:colcon.colcon_installed_package_information.package_discovery:Found 1 installed packages in /home/itoon/Documents/GitHub/ROS2-Exam-1/install
[0.226s] DEBUG:colcon.colcon_installed_package_information.package_discovery:Found 10 installed packages in /home/itoon/ros2_ws/install
[0.226s] DEBUG:colcon.colcon_installed_package_information.package_discovery:Found 2 installed packages in /home/itoon/RoboticsDev2024/RoboticsDev2024/install
[0.227s] DEBUG:colcon.colcon_installed_package_information.package_discovery:Found 313 installed packages in /opt/ros/humble
[0.228s] Level 1:colcon.colcon_core.package_discovery:discover_packages(prefix_path) using defaults
[0.253s] Level 5:colcon.colcon_core.verb:set package 'example_description' build argument 'cmake_args' from command line to 'None'
[0.253s] Level 5:colcon.colcon_core.verb:set package 'example_description' build argument 'cmake_target' from command line to 'None'
[0.253s] Level 5:colcon.colcon_core.verb:set package 'example_description' build argument 'cmake_target_skip_unavailable' from command line to 'False'
[0.253s] Level 5:colcon.colcon_core.verb:set package 'example_description' build argument 'cmake_clean_cache' from command line to 'False'
[0.253s] Level 5:colcon.colcon_core.verb:set package 'example_description' build argument 'cmake_clean_first' from command line to 'False'
[0.253s] Level 5:colcon.colcon_core.verb:set package 'example_description' build argument 'cmake_force_configure' from command line to 'False'
[0.253s] Level 5:colcon.colcon_core.verb:set package 'example_description' build argument 'ament_cmake_args' from command line to 'None'
[0.253s] Level 5:colcon.colcon_core.verb:set package 'example_description' build argument 'catkin_cmake_args' from command line to 'None'
[0.253s] Level 5:colcon.colcon_core.verb:set package 'example_description' build argument 'catkin_skip_building_tests' from command line to 'False'
[0.253s] DEBUG:colcon.colcon_core.verb:Building package 'example_description' with the following arguments: {'ament_cmake_args': None, 'build_base': '/home/itoon/Documents/GitHub/Fun4_RoboticDev/build/example_description', 'catkin_cmake_args': None, 'catkin_skip_building_tests': False, 'cmake_args': None, 'cmake_clean_cache': False, 'cmake_clean_first': False, 'cmake_force_configure': False, 'cmake_target': None, 'cmake_target_skip_unavailable': False, 'install_base': '/home/itoon/Documents/GitHub/Fun4_RoboticDev/install/example_description', 'merge_install': False, 'path': '/home/itoon/Documents/GitHub/Fun4_RoboticDev/src/example_description', 'symlink_install': False, 'test_result_base': None}
[0.253s] Level 5:colcon.colcon_core.verb:set package 'fun4_interfaces' build argument 'cmake_args' from command line to 'None'
[0.253s] Level 5:colcon.colcon_core.verb:set package 'fun4_interfaces' build argument 'cmake_target' from command line to 'None'
[0.253s] Level 5:colcon.colcon_core.verb:set package 'fun4_interfaces' build argument 'cmake_target_skip_unavailable' from command line to 'False'
[0.253s] Level 5:colcon.colcon_core.verb:set package 'fun4_interfaces' build argument 'cmake_clean_cache' from command line to 'False'
[0.253s] Level 5:colcon.colcon_core.verb:set package 'fun4_interfaces' build argument 'cmake_clean_first' from command line to 'False'
[0.253s] Level 5:colcon.colcon_core.verb:set package 'fun4_interfaces' build argument 'cmake_force_configure' from command line to 'False'
[0.253s] Level 5:colcon.colcon_core.verb:set package 'fun4_interfaces' build argument 'ament_cmake_args' from command line to 'None'
[0.253s] Level 5:colcon.colcon_core.verb:set package 'fun4_interfaces' build argument 'catkin_cmake_args' from command line to 'None'
[0.253s] Level 5:colcon.colcon_core.verb:set package 'fun4_interfaces' build argument 'catkin_skip_building_tests' from command line to 'False'
[0.253s] DEBUG:colcon.colcon_core.verb:Building package 'fun4_interfaces' with the following arguments: {'ament_cmake_args': None, 'build_base': '/home/itoon/Documents/GitHub/Fun4_RoboticDev/build/fun4_interfaces', 'catkin_cmake_args': None, 'catkin_skip_building_tests': False, 'cmake_args': None, 'cmake_clean_cache': False, 'cmake_clean_first': False, 'cmake_force_configure': False, 'cmake_target': None, 'cmake_target_skip_unavailable': False, 'install_base': '/home/itoon/Documents/GitHub/Fun4_RoboticDev/install/fun4_interfaces', 'merge_install': False, 'path': '/home/itoon/Documents/GitHub/Fun4_RoboticDev/src/fun4_interfaces', 'symlink_install': False, 'test_result_base': None}
[0.253s] Level 5:colcon.colcon_core.verb:set package 'fun4_pkg' build argument 'cmake_args' from command line to 'None'
[0.253s] Level 5:colcon.colcon_core.verb:set package 'fun4_pkg' build argument 'cmake_target' from command line to 'None'
[0.253s] Level 5:colcon.colcon_core.verb:set package 'fun4_pkg' build argument 'cmake_target_skip_unavailable' from command line to 'False'
[0.253s] Level 5:colcon.colcon_core.verb:set package 'fun4_pkg' build argument 'cmake_clean_cache' from command line to 'False'
[0.253s] Level 5:colcon.colcon_core.verb:set package 'fun4_pkg' build argument 'cmake_clean_first' from command line to 'False'
[0.253s] Level 5:colcon.colcon_core.verb:set package 'fun4_pkg' build argument 'cmake_force_configure' from command line to 'False'
[0.253s] Level 5:colcon.colcon_core.verb:set package 'fun4_pkg' build argument 'ament_cmake_args' from command line to 'None'
[0.253s] Level 5:colcon.colcon_core.verb:set package 'fun4_pkg' build argument 'catkin_cmake_args' from command line to 'None'
[0.253s] Level 5:colcon.colcon_core.verb:set package 'fun4_pkg' build argument 'catkin_skip_building_tests' from command line to 'False'
[0.253s] DEBUG:colcon.colcon_core.verb:Building package 'fun4_pkg' with the following arguments: {'ament_cmake_args': None, 'build_base': '/home/itoon/Documents/GitHub/Fun4_RoboticDev/build/fun4_pkg', 'catkin_cmake_args': None, 'catkin_skip_building_tests': False, 'cmake_args': None, 'cmake_clean_cache': False, 'cmake_clean_first': False, 'cmake_force_configure': False, 'cmake_target': None, 'cmake_target_skip_unavailable': False, 'install_base': '/home/itoon/Documents/GitHub/Fun4_RoboticDev/install/fun4_pkg', 'merge_install': False, 'path': '/home/itoon/Documents/GitHub/Fun4_RoboticDev/src/RoboticsDev2024', 'symlink_install': False, 'test_result_base': None}
[0.253s] INFO:colcon.colcon_core.executor:Executing jobs using 'parallel' executor
[0.254s] DEBUG:colcon.colcon_parallel_executor.executor.parallel:run_until_complete
[0.254s] INFO:colcon.colcon_ros.task.ament_cmake.build:Building ROS package in '/home/itoon/Documents/GitHub/Fun4_RoboticDev/src/example_description' with build type 'ament_cmake'
[0.254s] INFO:colcon.colcon_cmake.task.cmake.build:Building CMake package in '/home/itoon/Documents/GitHub/Fun4_RoboticDev/src/example_description'
[0.257s] INFO:colcon.colcon_core.plugin_system:Skipping extension 'colcon_core.shell.bat': Not used on non-Windows systems
[0.257s] INFO:colcon.colcon_core.shell:Skip shell extension 'powershell' for command environment: Not usable outside of PowerShell
[0.257s] DEBUG:colcon.colcon_core.shell:Skip shell extension 'dsv' for command environment
[0.259s] INFO:colcon.colcon_ros.task.ament_cmake.build:Building ROS package in '/home/itoon/Documents/GitHub/Fun4_RoboticDev/src/fun4_interfaces' with build type 'ament_cmake'
[0.259s] INFO:colcon.colcon_cmake.task.cmake.build:Building CMake package in '/home/itoon/Documents/GitHub/Fun4_RoboticDev/src/fun4_interfaces'
[0.259s] INFO:colcon.colcon_core.shell:Skip shell extension 'powershell' for command environment: Not usable outside of PowerShell
[0.259s] DEBUG:colcon.colcon_core.shell:Skip shell extension 'dsv' for command environment
[0.261s] INFO:colcon.colcon_ros.task.ament_cmake.build:Building ROS package in '/home/itoon/Documents/GitHub/Fun4_RoboticDev/src/RoboticsDev2024' with build type 'ament_cmake'
[0.261s] INFO:colcon.colcon_cmake.task.cmake.build:Building CMake package in '/home/itoon/Documents/GitHub/Fun4_RoboticDev/src/RoboticsDev2024'
[0.262s] INFO:colcon.colcon_core.shell:Skip shell extension 'powershell' for command environment: Not usable outside of PowerShell
[0.262s] DEBUG:colcon.colcon_core.shell:Skip shell extension 'dsv' for command environment
[0.265s] DEBUG:colcon.colcon_core.event_handler.log_command:Invoking command in '/home/itoon/Documents/GitHub/Fun4_RoboticDev/build/example_description': CMAKE_PREFIX_PATH=${CMAKE_PREFIX_PATH}:/opt/ros/humble /usr/bin/cmake /home/itoon/Documents/GitHub/Fun4_RoboticDev/src/example_description -DCMAKE_INSTALL_PREFIX=/home/itoon/Documents/GitHub/Fun4_RoboticDev/install/example_description
[0.268s] DEBUG:colcon.colcon_core.event_handler.log_command:Invoking command in '/home/itoon/Documents/GitHub/Fun4_RoboticDev/build/fun4_interfaces': CMAKE_PREFIX_PATH=${CMAKE_PREFIX_PATH}:/opt/ros/humble /usr/bin/cmake /home/itoon/Documents/GitHub/Fun4_RoboticDev/src/fun4_interfaces -DCMAKE_INSTALL_PREFIX=/home/itoon/Documents/GitHub/Fun4_RoboticDev/install/fun4_interfaces
[0.270s] DEBUG:colcon.colcon_core.event_handler.log_command:Invoking command in '/home/itoon/Documents/GitHub/Fun4_RoboticDev/build/fun4_pkg': CMAKE_PREFIX_PATH=${CMAKE_PREFIX_PATH}:/opt/ros/humble /usr/bin/cmake /home/itoon/Documents/GitHub/Fun4_RoboticDev/src/RoboticsDev2024 -DCMAKE_INSTALL_PREFIX=/home/itoon/Documents/GitHub/Fun4_RoboticDev/install/fun4_pkg
[1.174s] DEBUG:colcon.colcon_core.event_handler.log_command:Invoked command in '/home/itoon/Documents/GitHub/Fun4_RoboticDev/build/fun4_pkg' returned '0': CMAKE_PREFIX_PATH=${CMAKE_PREFIX_PATH}:/opt/ros/humble /usr/bin/cmake /home/itoon/Documents/GitHub/Fun4_RoboticDev/src/RoboticsDev2024 -DCMAKE_INSTALL_PREFIX=/home/itoon/Documents/GitHub/Fun4_RoboticDev/install/fun4_pkg
[1.175s] DEBUG:colcon.colcon_core.event_handler.log_command:Invoking command in '/home/itoon/Documents/GitHub/Fun4_RoboticDev/build/fun4_pkg': CMAKE_PREFIX_PATH=${CMAKE_PREFIX_PATH}:/opt/ros/humble /usr/bin/cmake --build /home/itoon/Documents/GitHub/Fun4_RoboticDev/build/fun4_pkg -- -j20 -l20
[1.177s] DEBUG:colcon.colcon_core.event_handler.log_command:Invoked command in '/home/itoon/Documents/GitHub/Fun4_RoboticDev/build/example_description' returned '0': CMAKE_PREFIX_PATH=${CMAKE_PREFIX_PATH}:/opt/ros/humble /usr/bin/cmake /home/itoon/Documents/GitHub/Fun4_RoboticDev/src/example_description -DCMAKE_INSTALL_PREFIX=/home/itoon/Documents/GitHub/Fun4_RoboticDev/install/example_description
[1.178s] DEBUG:colcon.colcon_core.event_handler.log_command:Invoking command in '/home/itoon/Documents/GitHub/Fun4_RoboticDev/build/example_description': CMAKE_PREFIX_PATH=${CMAKE_PREFIX_PATH}:/opt/ros/humble /usr/bin/cmake --build /home/itoon/Documents/GitHub/Fun4_RoboticDev/build/example_description -- -j20 -l20
[1.447s] DEBUG:colcon.colcon_core.event_handler.log_command:Invoked command in '/home/itoon/Documents/GitHub/Fun4_RoboticDev/build/example_description' returned '0': CMAKE_PREFIX_PATH=${CMAKE_PREFIX_PATH}:/opt/ros/humble /usr/bin/cmake --build /home/itoon/Documents/GitHub/Fun4_RoboticDev/build/example_description -- -j20 -l20
[1.447s] DEBUG:colcon.colcon_core.event_handler.log_command:Invoked command in '/home/itoon/Documents/GitHub/Fun4_RoboticDev/build/fun4_pkg' returned '0': CMAKE_PREFIX_PATH=${CMAKE_PREFIX_PATH}:/opt/ros/humble /usr/bin/cmake --build /home/itoon/Documents/GitHub/Fun4_RoboticDev/build/fun4_pkg -- -j20 -l20
[1.470s] DEBUG:colcon.colcon_core.event_handler.log_command:Invoking command in '/home/itoon/Documents/GitHub/Fun4_RoboticDev/build/example_description': CMAKE_PREFIX_PATH=${CMAKE_PREFIX_PATH}:/opt/ros/humble /usr/bin/cmake --install /home/itoon/Documents/GitHub/Fun4_RoboticDev/build/example_description
[1.472s] DEBUG:colcon.colcon_core.event_handler.log_command:Invoking command in '/home/itoon/Documents/GitHub/Fun4_RoboticDev/build/fun4_pkg': CMAKE_PREFIX_PATH=${CMAKE_PREFIX_PATH}:/opt/ros/humble /usr/bin/cmake --install /home/itoon/Documents/GitHub/Fun4_RoboticDev/build/fun4_pkg
[1.485s] DEBUG:colcon.colcon_core.event_handler.log_command:Invoked command in '/home/itoon/Documents/GitHub/Fun4_RoboticDev/build/fun4_interfaces' returned '0': CMAKE_PREFIX_PATH=${CMAKE_PREFIX_PATH}:/opt/ros/humble /usr/bin/cmake /home/itoon/Documents/GitHub/Fun4_RoboticDev/src/fun4_interfaces -DCMAKE_INSTALL_PREFIX=/home/itoon/Documents/GitHub/Fun4_RoboticDev/install/fun4_interfaces
[1.487s] DEBUG:colcon.colcon_core.event_handler.log_command:Invoking command in '/home/itoon/Documents/GitHub/Fun4_RoboticDev/build/fun4_interfaces': CMAKE_PREFIX_PATH=${CMAKE_PREFIX_PATH}:/opt/ros/humble /usr/bin/cmake --build /home/itoon/Documents/GitHub/Fun4_RoboticDev/build/fun4_interfaces -- -j20 -l20
[1.503s] Level 1:colcon.colcon_core.environment:create_environment_scripts_only(example_description)
[1.504s] DEBUG:colcon.colcon_core.event_handler.log_command:Invoked command in '/home/itoon/Documents/GitHub/Fun4_RoboticDev/build/example_description' returned '0': CMAKE_PREFIX_PATH=${CMAKE_PREFIX_PATH}:/opt/ros/humble /usr/bin/cmake --install /home/itoon/Documents/GitHub/Fun4_RoboticDev/build/example_description
[1.507s] Level 1:colcon.colcon_core.environment:checking '/home/itoon/Documents/GitHub/Fun4_RoboticDev/install/example_description' for CMake module files
[1.507s] Level 1:colcon.colcon_core.environment:checking '/home/itoon/Documents/GitHub/Fun4_RoboticDev/install/example_description' for CMake config files
[1.507s] Level 1:colcon.colcon_core.shell:create_environment_hook('example_description', 'cmake_prefix_path')
[1.507s] INFO:colcon.colcon_core.shell:Creating environment hook '/home/itoon/Documents/GitHub/Fun4_RoboticDev/install/example_description/share/example_description/hook/cmake_prefix_path.ps1'
[1.508s] INFO:colcon.colcon_core.shell:Creating environment descriptor '/home/itoon/Documents/GitHub/Fun4_RoboticDev/install/example_description/share/example_description/hook/cmake_prefix_path.dsv'
[1.508s] INFO:colcon.colcon_core.shell:Creating environment hook '/home/itoon/Documents/GitHub/Fun4_RoboticDev/install/example_description/share/example_description/hook/cmake_prefix_path.sh'
[1.509s] Level 1:colcon.colcon_core.environment:checking '/home/itoon/Documents/GitHub/Fun4_RoboticDev/install/example_description/lib'
[1.509s] Level 1:colcon.colcon_core.environment:checking '/home/itoon/Documents/GitHub/Fun4_RoboticDev/install/example_description/bin'
[1.509s] Level 1:colcon.colcon_core.environment:checking '/home/itoon/Documents/GitHub/Fun4_RoboticDev/install/example_description/lib/pkgconfig/example_description.pc'
[1.509s] Level 1:colcon.colcon_core.environment:checking '/home/itoon/Documents/GitHub/Fun4_RoboticDev/install/example_description/lib/python3.10/site-packages'
[1.509s] Level 1:colcon.colcon_core.environment:checking '/home/itoon/Documents/GitHub/Fun4_RoboticDev/install/example_description/bin'
[1.509s] INFO:colcon.colcon_core.shell:Creating package script '/home/itoon/Documents/GitHub/Fun4_RoboticDev/install/example_description/share/example_description/package.ps1'
[1.510s] INFO:colcon.colcon_core.shell:Creating package descriptor '/home/itoon/Documents/GitHub/Fun4_RoboticDev/install/example_description/share/example_description/package.dsv'
[1.510s] INFO:colcon.colcon_core.shell:Creating package script '/home/itoon/Documents/GitHub/Fun4_RoboticDev/install/example_description/share/example_description/package.sh'
[1.511s] INFO:colcon.colcon_core.shell:Creating package script '/home/itoon/Documents/GitHub/Fun4_RoboticDev/install/example_description/share/example_description/package.bash'
[1.511s] INFO:colcon.colcon_core.shell:Creating package script '/home/itoon/Documents/GitHub/Fun4_RoboticDev/install/example_description/share/example_description/package.zsh'
[1.512s] Level 1:colcon.colcon_core.environment:create_file_with_runtime_dependencies(/home/itoon/Documents/GitHub/Fun4_RoboticDev/install/example_description/share/colcon-core/packages/example_description)
[1.513s] Level 1:colcon.colcon_core.environment:create_environment_scripts_only(fun4_pkg)
[1.513s] Level 1:colcon.colcon_core.environment:checking '/home/itoon/Documents/GitHub/Fun4_RoboticDev/install/fun4_pkg' for CMake module files
[1.513s] DEBUG:colcon.colcon_core.event_handler.log_command:Invoked command in '/home/itoon/Documents/GitHub/Fun4_RoboticDev/build/fun4_pkg' returned '0': CMAKE_PREFIX_PATH=${CMAKE_PREFIX_PATH}:/opt/ros/humble /usr/bin/cmake --install /home/itoon/Documents/GitHub/Fun4_RoboticDev/build/fun4_pkg
[1.514s] Level 1:colcon.colcon_core.environment:checking '/home/itoon/Documents/GitHub/Fun4_RoboticDev/install/fun4_pkg' for CMake config files
[1.514s] Level 1:colcon.colcon_core.shell:create_environment_hook('fun4_pkg', 'cmake_prefix_path')
[1.515s] INFO:colcon.colcon_core.shell:Creating environment hook '/home/itoon/Documents/GitHub/Fun4_RoboticDev/install/fun4_pkg/share/fun4_pkg/hook/cmake_prefix_path.ps1'
[1.515s] INFO:colcon.colcon_core.shell:Creating environment descriptor '/home/itoon/Documents/GitHub/Fun4_RoboticDev/install/fun4_pkg/share/fun4_pkg/hook/cmake_prefix_path.dsv'
[1.515s] INFO:colcon.colcon_core.shell:Creating environment hook '/home/itoon/Documents/GitHub/Fun4_RoboticDev/install/fun4_pkg/share/fun4_pkg/hook/cmake_prefix_path.sh'
[1.516s] Level 1:colcon.colcon_core.environment:checking '/home/itoon/Documents/GitHub/Fun4_RoboticDev/install/fun4_pkg/lib'
[1.516s] Level 1:colcon.colcon_core.environment:checking '/home/itoon/Documents/GitHub/Fun4_RoboticDev/install/fun4_pkg/bin'
[1.516s] Level 1:colcon.colcon_core.environment:checking '/home/itoon/Documents/GitHub/Fun4_RoboticDev/install/fun4_pkg/lib/pkgconfig/fun4_pkg.pc'
[1.516s] Level 1:colcon.colcon_core.environment:checking '/home/itoon/Documents/GitHub/Fun4_RoboticDev/install/fun4_pkg/lib/python3.10/site-packages'
[1.517s] Level 1:colcon.colcon_core.environment:checking '/home/itoon/Documents/GitHub/Fun4_RoboticDev/install/fun4_pkg/bin'
[1.517s] INFO:colcon.colcon_core.shell:Creating package script '/home/itoon/Documents/GitHub/Fun4_RoboticDev/install/fun4_pkg/share/fun4_pkg/package.ps1'
[1.517s] INFO:colcon.colcon_core.shell:Creating package descriptor '/home/itoon/Documents/GitHub/Fun4_RoboticDev/install/fun4_pkg/share/fun4_pkg/package.dsv'
[1.518s] INFO:colcon.colcon_core.shell:Creating package script '/home/itoon/Documents/GitHub/Fun4_RoboticDev/install/fun4_pkg/share/fun4_pkg/package.sh'
[1.518s] INFO:colcon.colcon_core.shell:Creating package script '/home/itoon/Documents/GitHub/Fun4_RoboticDev/install/fun4_pkg/share/fun4_pkg/package.bash'
[1.518s] INFO:colcon.colcon_core.shell:Creating package script '/home/itoon/Documents/GitHub/Fun4_RoboticDev/install/fun4_pkg/share/fun4_pkg/package.zsh'
[1.519s] Level 1:colcon.colcon_core.environment:create_file_with_runtime_dependencies(/home/itoon/Documents/GitHub/Fun4_RoboticDev/install/fun4_pkg/share/colcon-core/packages/fun4_pkg)
[1.527s] Level 1:colcon.colcon_core.environment:create_environment_scripts_only(example_description)
[1.527s] Level 1:colcon.colcon_core.environment:checking '/home/itoon/Documents/GitHub/Fun4_RoboticDev/install/example_description' for CMake module files
[1.528s] Level 1:colcon.colcon_core.environment:checking '/home/itoon/Documents/GitHub/Fun4_RoboticDev/install/example_description' for CMake config files
[1.528s] Level 1:colcon.colcon_core.shell:create_environment_hook('example_description', 'cmake_prefix_path')
[1.528s] INFO:colcon.colcon_core.shell:Creating environment hook '/home/itoon/Documents/GitHub/Fun4_RoboticDev/install/example_description/share/example_description/hook/cmake_prefix_path.ps1'
[1.528s] INFO:colcon.colcon_core.shell:Creating environment descriptor '/home/itoon/Documents/GitHub/Fun4_RoboticDev/install/example_description/share/example_description/hook/cmake_prefix_path.dsv'
[1.528s] INFO:colcon.colcon_core.shell:Creating environment hook '/home/itoon/Documents/GitHub/Fun4_RoboticDev/install/example_description/share/example_description/hook/cmake_prefix_path.sh'
[1.529s] Level 1:colcon.colcon_core.environment:checking '/home/itoon/Documents/GitHub/Fun4_RoboticDev/install/example_description/lib'
[1.529s] Level 1:colcon.colcon_core.environment:checking '/home/itoon/Documents/GitHub/Fun4_RoboticDev/install/example_description/bin'
[1.529s] Level 1:colcon.colcon_core.environment:checking '/home/itoon/Documents/GitHub/Fun4_RoboticDev/install/example_description/lib/pkgconfig/example_description.pc'
[1.529s] Level 1:colcon.colcon_core.environment:checking '/home/itoon/Documents/GitHub/Fun4_RoboticDev/install/example_description/lib/python3.10/site-packages'
[1.529s] Level 1:colcon.colcon_core.environment:checking '/home/itoon/Documents/GitHub/Fun4_RoboticDev/install/example_description/bin'
[1.529s] INFO:colcon.colcon_core.shell:Creating package script '/home/itoon/Documents/GitHub/Fun4_RoboticDev/install/example_description/share/example_description/package.ps1'
[1.529s] INFO:colcon.colcon_core.shell:Creating package descriptor '/home/itoon/Documents/GitHub/Fun4_RoboticDev/install/example_description/share/example_description/package.dsv'
[1.530s] INFO:colcon.colcon_core.shell:Creating package script '/home/itoon/Documents/GitHub/Fun4_RoboticDev/install/example_description/share/example_description/package.sh'
[1.530s] INFO:colcon.colcon_core.shell:Creating package script '/home/itoon/Documents/GitHub/Fun4_RoboticDev/install/example_description/share/example_description/package.bash'
[1.530s] INFO:colcon.colcon_core.shell:Creating package script '/home/itoon/Documents/GitHub/Fun4_RoboticDev/install/example_description/share/example_description/package.zsh'
[1.530s] Level 1:colcon.colcon_core.environment:create_file_with_runtime_dependencies(/home/itoon/Documents/GitHub/Fun4_RoboticDev/install/example_description/share/colcon-core/packages/example_description)
[1.540s] Level 1:colcon.colcon_core.environment:create_environment_scripts_only(fun4_pkg)
[1.540s] Level 1:colcon.colcon_core.environment:checking '/home/itoon/Documents/GitHub/Fun4_RoboticDev/install/fun4_pkg' for CMake module files
[1.541s] Level 1:colcon.colcon_core.environment:checking '/home/itoon/Documents/GitHub/Fun4_RoboticDev/install/fun4_pkg' for CMake config files
[1.541s] Level 1:colcon.colcon_core.shell:create_environment_hook('fun4_pkg', 'cmake_prefix_path')
[1.541s] INFO:colcon.colcon_core.shell:Creating environment hook '/home/itoon/Documents/GitHub/Fun4_RoboticDev/install/fun4_pkg/share/fun4_pkg/hook/cmake_prefix_path.ps1'
[1.541s] INFO:colcon.colcon_core.shell:Creating environment descriptor '/home/itoon/Documents/GitHub/Fun4_RoboticDev/install/fun4_pkg/share/fun4_pkg/hook/cmake_prefix_path.dsv'
[1.541s] INFO:colcon.colcon_core.shell:Creating environment hook '/home/itoon/Documents/GitHub/Fun4_RoboticDev/install/fun4_pkg/share/fun4_pkg/hook/cmake_prefix_path.sh'
[1.542s] Level 1:colcon.colcon_core.environment:checking '/home/itoon/Documents/GitHub/Fun4_RoboticDev/install/fun4_pkg/lib'
[1.542s] Level 1:colcon.colcon_core.environment:checking '/home/itoon/Documents/GitHub/Fun4_RoboticDev/install/fun4_pkg/bin'
[1.542s] Level 1:colcon.colcon_core.environment:checking '/home/itoon/Documents/GitHub/Fun4_RoboticDev/install/fun4_pkg/lib/pkgconfig/fun4_pkg.pc'
[1.542s] Level 1:colcon.colcon_core.environment:checking '/home/itoon/Documents/GitHub/Fun4_RoboticDev/install/fun4_pkg/lib/python3.10/site-packages'
[1.542s] Level 1:colcon.colcon_core.environment:checking '/home/itoon/Documents/GitHub/Fun4_RoboticDev/install/fun4_pkg/bin'
[1.542s] INFO:colcon.colcon_core.shell:Creating package script '/home/itoon/Documents/GitHub/Fun4_RoboticDev/install/fun4_pkg/share/fun4_pkg/package.ps1'
[1.542s] INFO:colcon.colcon_core.shell:Creating package descriptor '/home/itoon/Documents/GitHub/Fun4_RoboticDev/install/fun4_pkg/share/fun4_pkg/package.dsv'
[1.542s] INFO:colcon.colcon_core.shell:Creating package script '/home/itoon/Documents/GitHub/Fun4_RoboticDev/install/fun4_pkg/share/fun4_pkg/package.sh'
[1.543s] INFO:colcon.colcon_core.shell:Creating package script '/home/itoon/Documents/GitHub/Fun4_RoboticDev/install/fun4_pkg/share/fun4_pkg/package.bash'
[1.543s] INFO:colcon.colcon_core.shell:Creating package script '/home/itoon/Documents/GitHub/Fun4_RoboticDev/install/fun4_pkg/share/fun4_pkg/package.zsh'
[1.543s] Level 1:colcon.colcon_core.environment:create_file_with_runtime_dependencies(/home/itoon/Documents/GitHub/Fun4_RoboticDev/install/fun4_pkg/share/colcon-core/packages/fun4_pkg)
[2.568s] DEBUG:colcon.colcon_core.event_handler.log_command:Invoked command in '/home/itoon/Documents/GitHub/Fun4_RoboticDev/build/fun4_interfaces' returned '0': CMAKE_PREFIX_PATH=${CMAKE_PREFIX_PATH}:/opt/ros/humble /usr/bin/cmake --build /home/itoon/Documents/GitHub/Fun4_RoboticDev/build/fun4_interfaces -- -j20 -l20
[2.616s] DEBUG:colcon.colcon_core.event_handler.log_command:Invoking command in '/home/itoon/Documents/GitHub/Fun4_RoboticDev/build/fun4_interfaces': CMAKE_PREFIX_PATH=${CMAKE_PREFIX_PATH}:/opt/ros/humble /usr/bin/cmake --install /home/itoon/Documents/GitHub/Fun4_RoboticDev/build/fun4_interfaces
[2.651s] Level 1:colcon.colcon_core.environment:create_environment_scripts_only(fun4_interfaces)
[2.651s] Level 1:colcon.colcon_core.environment:checking '/home/itoon/Documents/GitHub/Fun4_RoboticDev/install/fun4_interfaces' for CMake module files
[2.651s] DEBUG:colcon.colcon_core.event_handler.log_command:Invoked command in '/home/itoon/Documents/GitHub/Fun4_RoboticDev/build/fun4_interfaces' returned '0': CMAKE_PREFIX_PATH=${CMAKE_PREFIX_PATH}:/opt/ros/humble /usr/bin/cmake --install /home/itoon/Documents/GitHub/Fun4_RoboticDev/build/fun4_interfaces
[2.651s] Level 1:colcon.colcon_core.environment:checking '/home/itoon/Documents/GitHub/Fun4_RoboticDev/install/fun4_interfaces' for CMake config files
[2.652s] Level 1:colcon.colcon_core.shell:create_environment_hook('fun4_interfaces', 'cmake_prefix_path')
[2.652s] INFO:colcon.colcon_core.shell:Creating environment hook '/home/itoon/Documents/GitHub/Fun4_RoboticDev/install/fun4_interfaces/share/fun4_interfaces/hook/cmake_prefix_path.ps1'
[2.652s] INFO:colcon.colcon_core.shell:Creating environment descriptor '/home/itoon/Documents/GitHub/Fun4_RoboticDev/install/fun4_interfaces/share/fun4_interfaces/hook/cmake_prefix_path.dsv'
[2.652s] INFO:colcon.colcon_core.shell:Creating environment hook '/home/itoon/Documents/GitHub/Fun4_RoboticDev/install/fun4_interfaces/share/fun4_interfaces/hook/cmake_prefix_path.sh'
[2.652s] Level 1:colcon.colcon_core.environment:checking '/home/itoon/Documents/GitHub/Fun4_RoboticDev/install/fun4_interfaces/lib'
[2.652s] Level 1:colcon.colcon_core.shell:create_environment_hook('fun4_interfaces', 'ld_library_path_lib')
[2.652s] INFO:colcon.colcon_core.shell:Creating environment hook '/home/itoon/Documents/GitHub/Fun4_RoboticDev/install/fun4_interfaces/share/fun4_interfaces/hook/ld_library_path_lib.ps1'
[2.653s] INFO:colcon.colcon_core.shell:Creating environment descriptor '/home/itoon/Documents/GitHub/Fun4_RoboticDev/install/fun4_interfaces/share/fun4_interfaces/hook/ld_library_path_lib.dsv'
[2.653s] INFO:colcon.colcon_core.shell:Creating environment hook '/home/itoon/Documents/GitHub/Fun4_RoboticDev/install/fun4_interfaces/share/fun4_interfaces/hook/ld_library_path_lib.sh'
[2.653s] Level 1:colcon.colcon_core.environment:checking '/home/itoon/Documents/GitHub/Fun4_RoboticDev/install/fun4_interfaces/bin'
[2.653s] Level 1:colcon.colcon_core.environment:checking '/home/itoon/Documents/GitHub/Fun4_RoboticDev/install/fun4_interfaces/lib/pkgconfig/fun4_interfaces.pc'
[2.653s] Level 1:colcon.colcon_core.environment:checking '/home/itoon/Documents/GitHub/Fun4_RoboticDev/install/fun4_interfaces/lib/python3.10/site-packages'
[2.653s] Level 1:colcon.colcon_core.environment:checking '/home/itoon/Documents/GitHub/Fun4_RoboticDev/install/fun4_interfaces/bin'
[2.653s] INFO:colcon.colcon_core.shell:Creating package script '/home/itoon/Documents/GitHub/Fun4_RoboticDev/install/fun4_interfaces/share/fun4_interfaces/package.ps1'
[2.654s] INFO:colcon.colcon_core.shell:Creating package descriptor '/home/itoon/Documents/GitHub/Fun4_RoboticDev/install/fun4_interfaces/share/fun4_interfaces/package.dsv'
[2.654s] INFO:colcon.colcon_core.shell:Creating package script '/home/itoon/Documents/GitHub/Fun4_RoboticDev/install/fun4_interfaces/share/fun4_interfaces/package.sh'
[2.654s] INFO:colcon.colcon_core.shell:Creating package script '/home/itoon/Documents/GitHub/Fun4_RoboticDev/install/fun4_interfaces/share/fun4_interfaces/package.bash'
[2.654s] INFO:colcon.colcon_core.shell:Creating package script '/home/itoon/Documents/GitHub/Fun4_RoboticDev/install/fun4_interfaces/share/fun4_interfaces/package.zsh'
[2.654s] Level 1:colcon.colcon_core.environment:create_file_with_runtime_dependencies(/home/itoon/Documents/GitHub/Fun4_RoboticDev/install/fun4_interfaces/share/colcon-core/packages/fun4_interfaces)
[2.700s] Level 1:colcon.colcon_core.environment:create_environment_scripts_only(fun4_interfaces)
[2.700s] Level 1:colcon.colcon_core.environment:checking '/home/itoon/Documents/GitHub/Fun4_RoboticDev/install/fun4_interfaces' for CMake module files
[2.701s] Level 1:colcon.colcon_core.environment:checking '/home/itoon/Documents/GitHub/Fun4_RoboticDev/install/fun4_interfaces' for CMake config files
[2.702s] Level 1:colcon.colcon_core.shell:create_environment_hook('fun4_interfaces', 'cmake_prefix_path')
[2.702s] INFO:colcon.colcon_core.shell:Creating environment hook '/home/itoon/Documents/GitHub/Fun4_RoboticDev/install/fun4_interfaces/share/fun4_interfaces/hook/cmake_prefix_path.ps1'
[2.702s] INFO:colcon.colcon_core.shell:Creating environment descriptor '/home/itoon/Documents/GitHub/Fun4_RoboticDev/install/fun4_interfaces/share/fun4_interfaces/hook/cmake_prefix_path.dsv'
[2.702s] INFO:colcon.colcon_core.shell:Creating environment hook '/home/itoon/Documents/GitHub/Fun4_RoboticDev/install/fun4_interfaces/share/fun4_interfaces/hook/cmake_prefix_path.sh'
[2.702s] Level 1:colcon.colcon_core.environment:checking '/home/itoon/Documents/GitHub/Fun4_RoboticDev/install/fun4_interfaces/lib'
[2.702s] Level 1:colcon.colcon_core.shell:create_environment_hook('fun4_interfaces', 'ld_library_path_lib')
[2.703s] INFO:colcon.colcon_core.shell:Creating environment hook '/home/itoon/Documents/GitHub/Fun4_RoboticDev/install/fun4_interfaces/share/fun4_interfaces/hook/ld_library_path_lib.ps1'
[2.703s] INFO:colcon.colcon_core.shell:Creating environment descriptor '/home/itoon/Documents/GitHub/Fun4_RoboticDev/install/fun4_interfaces/share/fun4_interfaces/hook/ld_library_path_lib.dsv'
[2.703s] INFO:colcon.colcon_core.shell:Creating environment hook '/home/itoon/Documents/GitHub/Fun4_RoboticDev/install/fun4_interfaces/share/fun4_interfaces/hook/ld_library_path_lib.sh'
[2.703s] Level 1:colcon.colcon_core.environment:checking '/home/itoon/Documents/GitHub/Fun4_RoboticDev/install/fun4_interfaces/bin'
[2.703s] Level 1:colcon.colcon_core.environment:checking '/home/itoon/Documents/GitHub/Fun4_RoboticDev/install/fun4_interfaces/lib/pkgconfig/fun4_interfaces.pc'
[2.703s] Level 1:colcon.colcon_core.environment:checking '/home/itoon/Documents/GitHub/Fun4_RoboticDev/install/fun4_interfaces/lib/python3.10/site-packages'
[2.703s] Level 1:colcon.colcon_core.environment:checking '/home/itoon/Documents/GitHub/Fun4_RoboticDev/install/fun4_interfaces/bin'
[2.704s] INFO:colcon.colcon_core.shell:Creating package script '/home/itoon/Documents/GitHub/Fun4_RoboticDev/install/fun4_interfaces/share/fun4_interfaces/package.ps1'
[2.704s] INFO:colcon.colcon_core.shell:Creating package descriptor '/home/itoon/Documents/GitHub/Fun4_RoboticDev/install/fun4_interfaces/share/fun4_interfaces/package.dsv'
[2.704s] INFO:colcon.colcon_core.shell:Creating package script '/home/itoon/Documents/GitHub/Fun4_RoboticDev/install/fun4_interfaces/share/fun4_interfaces/package.sh'
[2.704s] INFO:colcon.colcon_core.shell:Creating package script '/home/itoon/Documents/GitHub/Fun4_RoboticDev/install/fun4_interfaces/share/fun4_interfaces/package.bash'
[2.704s] INFO:colcon.colcon_core.shell:Creating package script '/home/itoon/Documents/GitHub/Fun4_RoboticDev/install/fun4_interfaces/share/fun4_interfaces/package.zsh'
[2.705s] Level 1:colcon.colcon_core.environment:create_file_with_runtime_dependencies(/home/itoon/Documents/GitHub/Fun4_RoboticDev/install/fun4_interfaces/share/colcon-core/packages/fun4_interfaces)
[2.705s] DEBUG:colcon.colcon_parallel_executor.executor.parallel:closing loop
[2.705s] DEBUG:colcon.colcon_parallel_executor.executor.parallel:loop closed
[2.705s] DEBUG:colcon.colcon_parallel_executor.executor.parallel:run_until_complete finished with '0'
[2.705s] DEBUG:colcon.colcon_core.event_reactor:joining thread
[2.708s] INFO:colcon.colcon_core.plugin_system:Skipping extension 'colcon_notification.desktop_notification.terminal_notifier': Not used on non-Darwin systems
[2.708s] INFO:colcon.colcon_core.plugin_system:Skipping extension 'colcon_notification.desktop_notification.win32': Not used on non-Windows systems
[2.708s] INFO:colcon.colcon_notification.desktop_notification:Sending desktop notification using 'notify2'
[2.719s] DEBUG:colcon.colcon_core.event_reactor:joined thread
[2.720s] INFO:colcon.colcon_core.shell:Creating prefix script '/home/itoon/Documents/GitHub/Fun4_RoboticDev/install/local_setup.ps1'
[2.720s] INFO:colcon.colcon_core.shell:Creating prefix util module '/home/itoon/Documents/GitHub/Fun4_RoboticDev/install/_local_setup_util_ps1.py'
[2.721s] INFO:colcon.colcon_core.shell:Creating prefix chain script '/home/itoon/Documents/GitHub/Fun4_RoboticDev/install/setup.ps1'
[2.722s] INFO:colcon.colcon_core.shell:Creating prefix script '/home/itoon/Documents/GitHub/Fun4_RoboticDev/install/local_setup.sh'
[2.723s] INFO:colcon.colcon_core.shell:Creating prefix util module '/home/itoon/Documents/GitHub/Fun4_RoboticDev/install/_local_setup_util_sh.py'
[2.723s] INFO:colcon.colcon_core.shell:Creating prefix chain script '/home/itoon/Documents/GitHub/Fun4_RoboticDev/install/setup.sh'
[2.724s] INFO:colcon.colcon_core.shell:Creating prefix script '/home/itoon/Documents/GitHub/Fun4_RoboticDev/install/local_setup.bash'
[2.725s] INFO:colcon.colcon_core.shell:Creating prefix chain script '/home/itoon/Documents/GitHub/Fun4_RoboticDev/install/setup.bash'
[2.725s] INFO:colcon.colcon_core.shell:Creating prefix script '/home/itoon/Documents/GitHub/Fun4_RoboticDev/install/local_setup.zsh'
[2.726s] INFO:colcon.colcon_core.shell:Creating prefix chain script '/home/itoon/Documents/GitHub/Fun4_RoboticDev/install/setup.zsh'
