[0.011s] Invoking command in '/home/itoon/Documents/GitHub/Fun4_RoboticDev/build/example_description': CMAKE_PREFIX_PATH=${CMAKE_PREFIX_PATH}:/opt/ros/humble /usr/bin/cmake /home/itoon/Documents/GitHub/Fun4_RoboticDev/src/example_description -DCMAKE_INSTALL_PREFIX=/home/itoon/Documents/GitHub/Fun4_RoboticDev/install/example_description
[0.093s] -- The C compiler identification is GNU 11.4.0
[0.151s] -- The CXX compiler identification is GNU 11.4.0
[0.158s] -- Detecting C compiler ABI info
[0.206s] -- Detecting C compiler ABI info - done
[0.212s] -- Check for working C compiler: /usr/bin/cc - skipped
[0.213s] -- Detecting C compile features
[0.213s] -- Detecting C compile features - done
[0.215s] -- Detecting CXX compiler ABI info
[0.268s] -- Detecting CXX compiler ABI info - done
[0.272s] -- Check for working CXX compiler: /usr/bin/c++ - skipped
[0.273s] -- Detecting CXX compile features
[0.273s] -- Detecting CXX compile features - done
[0.278s] -- Found ament_cmake: 1.3.10 (/opt/ros/humble/share/ament_cmake/cmake)
[0.382s] -- Found Python3: /usr/bin/python3 (found version "3.10.12") found components: Interpreter 
[0.448s] -- Found rclcpp: 16.0.10 (/opt/ros/humble/share/rclcpp/cmake)
[0.486s] -- Found rosidl_generator_c: 3.1.5 (/opt/ros/humble/share/rosidl_generator_c/cmake)
[0.490s] -- Found rosidl_adapter: 3.1.5 (/opt/ros/humble/share/rosidl_adapter/cmake)
[0.497s] -- Found rosidl_generator_cpp: 3.1.5 (/opt/ros/humble/share/rosidl_generator_cpp/cmake)
[0.509s] -- Using all available rosidl_typesupport_c: rosidl_typesupport_fastrtps_c;rosidl_typesupport_introspection_c
[0.522s] -- Using all available rosidl_typesupport_cpp: rosidl_typesupport_fastrtps_cpp;rosidl_typesupport_introspection_cpp
[0.558s] -- Found rmw_implementation_cmake: 6.1.2 (/opt/ros/humble/share/rmw_implementation_cmake/cmake)
[0.561s] -- Found rmw_fastrtps_cpp: 6.2.7 (/opt/ros/humble/share/rmw_fastrtps_cpp/cmake)
[0.630s] -- Found OpenSSL: /usr/lib/x86_64-linux-gnu/libcrypto.so (found version "3.0.2")  
[0.648s] -- Found FastRTPS: /opt/ros/humble/include  
[0.671s] -- Using RMW implementation 'rmw_fastrtps_cpp' as default
[0.680s] -- Looking for pthread.h
[0.730s] -- Looking for pthread.h - found
[0.730s] -- Performing Test CMAKE_HAVE_LIBC_PTHREAD
[0.780s] -- Performing Test CMAKE_HAVE_LIBC_PTHREAD - Success
[0.780s] -- Found Threads: TRUE  
[0.815s] -- Found rclpy: 3.3.14 (/opt/ros/humble/share/rclpy/cmake)
[0.908s] -- Configuring done
[0.915s] -- Generating done
[0.916s] -- Build files have been written to: /home/itoon/Documents/GitHub/Fun4_RoboticDev/build/example_description
[0.923s] Invoked command in '/home/itoon/Documents/GitHub/Fun4_RoboticDev/build/example_description' returned '0': CMAKE_PREFIX_PATH=${CMAKE_PREFIX_PATH}:/opt/ros/humble /usr/bin/cmake /home/itoon/Documents/GitHub/Fun4_RoboticDev/src/example_description -DCMAKE_INSTALL_PREFIX=/home/itoon/Documents/GitHub/Fun4_RoboticDev/install/example_description
[0.923s] Invoking command in '/home/itoon/Documents/GitHub/Fun4_RoboticDev/build/example_description': CMAKE_PREFIX_PATH=${CMAKE_PREFIX_PATH}:/opt/ros/humble /usr/bin/cmake --build /home/itoon/Documents/GitHub/Fun4_RoboticDev/build/example_description -- -j20 -l20
[0.957s] [ 50%] [32mBuilding CXX object CMakeFiles/cpp_node_test.dir/src/cpp_node.cpp.o[0m
[0.964s] [ 50%] Built target ament_cmake_python_copy_example_description
[1.099s] running egg_info
[1.099s] creating example_description.egg-info
[1.099s] writing example_description.egg-info/PKG-INFO
[1.100s] writing dependency_links to example_description.egg-info/dependency_links.txt
[1.100s] writing top-level names to example_description.egg-info/top_level.txt
[1.100s] writing manifest file 'example_description.egg-info/SOURCES.txt'
[1.101s] reading manifest file 'example_description.egg-info/SOURCES.txt'
[1.102s] writing manifest file 'example_description.egg-info/SOURCES.txt'
[1.117s] [100%] [32m[1mLinking CXX executable cpp_node_test[0m
[1.119s] [100%] Built target ament_cmake_python_build_example_description_egg
[1.184s] [100%] Built target cpp_node_test
[1.192s] Invoked command in '/home/itoon/Documents/GitHub/Fun4_RoboticDev/build/example_description' returned '0': CMAKE_PREFIX_PATH=${CMAKE_PREFIX_PATH}:/opt/ros/humble /usr/bin/cmake --build /home/itoon/Documents/GitHub/Fun4_RoboticDev/build/example_description -- -j20 -l20
[1.215s] Invoking command in '/home/itoon/Documents/GitHub/Fun4_RoboticDev/build/example_description': CMAKE_PREFIX_PATH=${CMAKE_PREFIX_PATH}:/opt/ros/humble /usr/bin/cmake --install /home/itoon/Documents/GitHub/Fun4_RoboticDev/build/example_description
[1.220s] -- Install configuration: ""
[1.220s] -- Installing: /home/itoon/Documents/GitHub/Fun4_RoboticDev/install/example_description/share/example_description/environment/pythonpath.sh
[1.220s] -- Installing: /home/itoon/Documents/GitHub/Fun4_RoboticDev/install/example_description/share/example_description/environment/pythonpath.dsv
[1.220s] -- Installing: /home/itoon/Documents/GitHub/Fun4_RoboticDev/install/example_description/local/lib/python3.10/dist-packages/example_description-0.0.0-py3.10.egg-info
[1.220s] -- Installing: /home/itoon/Documents/GitHub/Fun4_RoboticDev/install/example_description/local/lib/python3.10/dist-packages/example_description-0.0.0-py3.10.egg-info/dependency_links.txt
[1.221s] -- Installing: /home/itoon/Documents/GitHub/Fun4_RoboticDev/install/example_description/local/lib/python3.10/dist-packages/example_description-0.0.0-py3.10.egg-info/top_level.txt
[1.221s] -- Installing: /home/itoon/Documents/GitHub/Fun4_RoboticDev/install/example_description/local/lib/python3.10/dist-packages/example_description-0.0.0-py3.10.egg-info/PKG-INFO
[1.221s] -- Installing: /home/itoon/Documents/GitHub/Fun4_RoboticDev/install/example_description/local/lib/python3.10/dist-packages/example_description-0.0.0-py3.10.egg-info/SOURCES.txt
[1.221s] -- Installing: /home/itoon/Documents/GitHub/Fun4_RoboticDev/install/example_description/local/lib/python3.10/dist-packages/example_description
[1.221s] -- Installing: /home/itoon/Documents/GitHub/Fun4_RoboticDev/install/example_description/local/lib/python3.10/dist-packages/example_description/__init__.py
[1.221s] -- Installing: /home/itoon/Documents/GitHub/Fun4_RoboticDev/install/example_description/local/lib/python3.10/dist-packages/example_description/dummy_module.py
[1.241s] Listing '/home/itoon/Documents/GitHub/Fun4_RoboticDev/install/example_description/local/lib/python3.10/dist-packages/example_description'...
[1.241s] Compiling '/home/itoon/Documents/GitHub/Fun4_RoboticDev/install/example_description/local/lib/python3.10/dist-packages/example_description/__init__.py'...
[1.241s] Compiling '/home/itoon/Documents/GitHub/Fun4_RoboticDev/install/example_description/local/lib/python3.10/dist-packages/example_description/dummy_module.py'...
[1.243s] -- Installing: /home/itoon/Documents/GitHub/Fun4_RoboticDev/install/example_description/lib/example_description/dummy_script.py
[1.244s] -- Installing: /home/itoon/Documents/GitHub/Fun4_RoboticDev/install/example_description/lib/example_description/cpp_node_test
[1.244s] -- Set runtime path of "/home/itoon/Documents/GitHub/Fun4_RoboticDev/install/example_description/lib/example_description/cpp_node_test" to ""
[1.244s] -- Installing: /home/itoon/Documents/GitHub/Fun4_RoboticDev/install/example_description/share/example_description/config
[1.244s] -- Installing: /home/itoon/Documents/GitHub/Fun4_RoboticDev/install/example_description/share/example_description/config/display.rviz
[1.244s] -- Installing: /home/itoon/Documents/GitHub/Fun4_RoboticDev/install/example_description/share/example_description/launch
[1.244s] -- Installing: /home/itoon/Documents/GitHub/Fun4_RoboticDev/install/example_description/share/example_description/launch/simple_display.launch.py
[1.244s] -- Installing: /home/itoon/Documents/GitHub/Fun4_RoboticDev/install/example_description/share/example_description/launch/fun.launch.py
[1.244s] -- Installing: /home/itoon/Documents/GitHub/Fun4_RoboticDev/install/example_description/share/example_description/meshes
[1.244s] -- Installing: /home/itoon/Documents/GitHub/Fun4_RoboticDev/install/example_description/share/example_description/meshes/link_0.stl
[1.245s] -- Installing: /home/itoon/Documents/GitHub/Fun4_RoboticDev/install/example_description/share/example_description/meshes/end_effector.stl
[1.245s] -- Installing: /home/itoon/Documents/GitHub/Fun4_RoboticDev/install/example_description/share/example_description/meshes/link_3.stl
[1.246s] -- Installing: /home/itoon/Documents/GitHub/Fun4_RoboticDev/install/example_description/share/example_description/meshes/link_1.stl
[1.246s] -- Installing: /home/itoon/Documents/GitHub/Fun4_RoboticDev/install/example_description/share/example_description/meshes/link_2.stl
[1.247s] -- Installing: /home/itoon/Documents/GitHub/Fun4_RoboticDev/install/example_description/share/example_description/robot
[1.247s] -- Installing: /home/itoon/Documents/GitHub/Fun4_RoboticDev/install/example_description/share/example_description/robot/visual
[1.247s] -- Installing: /home/itoon/Documents/GitHub/Fun4_RoboticDev/install/example_description/share/example_description/robot/visual/my-robot.xacro
[1.247s] -- Installing: /home/itoon/Documents/GitHub/Fun4_RoboticDev/install/example_description/share/example_description/robot/visual/01-myfirst.urdf
[1.247s] -- Installing: /home/itoon/Documents/GitHub/Fun4_RoboticDev/install/example_description/share/ament_index/resource_index/package_run_dependencies/example_description
[1.247s] -- Installing: /home/itoon/Documents/GitHub/Fun4_RoboticDev/install/example_description/share/ament_index/resource_index/parent_prefix_path/example_description
[1.247s] -- Installing: /home/itoon/Documents/GitHub/Fun4_RoboticDev/install/example_description/share/example_description/environment/ament_prefix_path.sh
[1.247s] -- Installing: /home/itoon/Documents/GitHub/Fun4_RoboticDev/install/example_description/share/example_description/environment/ament_prefix_path.dsv
[1.247s] -- Installing: /home/itoon/Documents/GitHub/Fun4_RoboticDev/install/example_description/share/example_description/environment/path.sh
[1.247s] -- Installing: /home/itoon/Documents/GitHub/Fun4_RoboticDev/install/example_description/share/example_description/environment/path.dsv
[1.247s] -- Installing: /home/itoon/Documents/GitHub/Fun4_RoboticDev/install/example_description/share/example_description/local_setup.bash
[1.247s] -- Installing: /home/itoon/Documents/GitHub/Fun4_RoboticDev/install/example_description/share/example_description/local_setup.sh
[1.247s] -- Installing: /home/itoon/Documents/GitHub/Fun4_RoboticDev/install/example_description/share/example_description/local_setup.zsh
[1.247s] -- Installing: /home/itoon/Documents/GitHub/Fun4_RoboticDev/install/example_description/share/example_description/local_setup.dsv
[1.247s] -- Installing: /home/itoon/Documents/GitHub/Fun4_RoboticDev/install/example_description/share/example_description/package.dsv
[1.247s] -- Installing: /home/itoon/Documents/GitHub/Fun4_RoboticDev/install/example_description/share/ament_index/resource_index/packages/example_description
[1.247s] -- Installing: /home/itoon/Documents/GitHub/Fun4_RoboticDev/install/example_description/share/example_description/cmake/example_descriptionConfig.cmake
[1.248s] -- Installing: /home/itoon/Documents/GitHub/Fun4_RoboticDev/install/example_description/share/example_description/cmake/example_descriptionConfig-version.cmake
[1.248s] -- Installing: /home/itoon/Documents/GitHub/Fun4_RoboticDev/install/example_description/share/example_description/package.xml
[1.249s] Invoked command in '/home/itoon/Documents/GitHub/Fun4_RoboticDev/build/example_description' returned '0': CMAKE_PREFIX_PATH=${CMAKE_PREFIX_PATH}:/opt/ros/humble /usr/bin/cmake --install /home/itoon/Documents/GitHub/Fun4_RoboticDev/build/example_description
